******************************************************************************
                  TI ARM Linker PC v20.2.7                     
******************************************************************************
>> Linked Sat Feb 10 22:34:48 2024

OUTPUT FILE NAME:   <AUTOSAR_Project.out>
ENTRY POINT SYMBOL: "_c_int00_noargs"  address: 0000157d


MEMORY CONFIGURATION

         name            origin    length      used     unused   attr    fill
----------------------  --------  ---------  --------  --------  ----  --------
  FLASH                 00000000   00040000  0000178e  0003e872  R  X
  SRAM                  20000000   00008000  00000216  00007dea  RW X


SEGMENT ALLOCATION MAP

run origin  load origin   length   init length attrs members
----------  ----------- ---------- ----------- ----- -------
00000000    00000000    00001790   00001790    r-x
  00000000    00000000    0000026c   0000026c    r-- .intvecs
  0000026c    0000026c    000013a6   000013a6    r-x .text
  00001612    00001612    0000015c   0000015c    r-- .const
  00001770    00001770    00000020   00000020    r-- .cinit
20000000    20000000    00000216   00000000    rw-
  20000000    20000000    00000200   00000000    rw- .stack
  20000200    20000200    00000016   00000000    rw- .data


SECTION ALLOCATION MAP

 output                                  attributes/
section   page    origin      length       input sections
--------  ----  ----------  ----------   ----------------
.intvecs   0    00000000    0000026c     
                  00000000    0000026c     tm4c123gh6pm_startup_ccs.obj (.intvecs)

.text      0    0000026c    000013a6     
                  0000026c    00000c80     Port.obj (.text)
                  00000eec    0000030c     Dio.obj (.text)
                  000011f8    000000a8     Os.obj (.text)
                  000012a0    0000009c     rtsv7M4_T_le_v4SPD16_eabi.lib : memcpy_t2.asm.obj (.text)
                  0000133c    0000007c     Button.obj (.text)
                  000013b8    0000007c     Gpt.obj (.text)
                  00001434    00000068     rtsv7M4_T_le_v4SPD16_eabi.lib : copy_decompress_lzss.c.obj (.text:decompress:lzss:__TI_decompress_lzss)
                  0000149c    0000005c     App.obj (.text)
                  000014f8    00000044     rtsv7M4_T_le_v4SPD16_eabi.lib : autoinit.c.obj (.text:__TI_auto_init_nobinit_nopinit:__TI_auto_init_nobinit_nopinit)
                  0000153c    0000003e     Led.obj (.text)
                  0000157a    00000002     --HOLE-- [fill = 0]
                  0000157c    00000034     rtsv7M4_T_le_v4SPD16_eabi.lib : boot_cortex_m.c.obj (.text:_c_int00_noargs:_c_int00_noargs)
                  000015b0    00000020     Mcu.obj (.text)
                  000015d0    00000016     Det.obj (.text)
                  000015e6    0000000e     rtsv7M4_T_le_v4SPD16_eabi.lib : copy_decompress_none.c.obj (.text:decompress:none:__TI_decompress_none)
                  000015f4    0000000c     tm4c123gh6pm_startup_ccs.obj (.text)
                  00001600    0000000a     main.obj (.text)
                  0000160a    00000004     rtsv7M4_T_le_v4SPD16_eabi.lib : pre_init.c.obj (.text:_system_pre_init)
                  0000160e    00000004                                   : exit.c.obj (.text:abort:abort)

.const     0    00001612    0000015c     
                  00001612    00000158     PortPBcfg.obj (.const:Port_Configuration)
                  0000176a    00000004     Dio_PBcfg.obj (.const:Dio_Configuration)

.cinit     0    00001770    00000020     
                  00001770    00000010     (.cinit..data.load) [load image, compression = lzss]
                  00001780    00000008     (__TI_handler_table)
                  00001788    00000008     (__TI_cinit_table)

.init_array 
*          0    00000000    00000000     UNINITIALIZED

.data      0    20000200    00000016     UNINITIALIZED
                  20000200    00000006     Port.obj (.data)
                  20000206    00000002     App.obj (.data)
                  20000208    00000005     Dio.obj (.data)
                  2000020d    00000003     Button.obj (.data)
                  20000210    00000004     Gpt.obj (.data)
                  20000214    00000002     Os.obj (.data)

.stack     0    20000000    00000200     UNINITIALIZED
                  20000000    00000004     rtsv7M4_T_le_v4SPD16_eabi.lib : boot_cortex_m.c.obj (.stack)
                  20000004    000001fc     --HOLE--

__llvm_prf_cnts 
*          0    20000000    00000000     UNINITIALIZED

MODULE SUMMARY

       Module                         code   ro data   rw data
       ------                         ----   -------   -------
    .\
       tm4c123gh6pm_startup_ccs.obj   12     620       0      
       main.obj                       10     0         0      
    +--+------------------------------+------+---------+---------+
       Total:                         22     620       0      
                                                              
    .\APP\
       App.obj                        92     0         2      
    +--+------------------------------+------+---------+---------+
       Total:                         92     0         2      
                                                              
    .\ECUAL\
       Button.obj                     124    0         3      
       Led.obj                        62     0         0      
    +--+------------------------------+------+---------+---------+
       Total:                         186    0         3      
                                                              
    .\MCAL\
       Port.obj                       3200   0         6      
       Dio.obj                        780    0         5      
       PortPBcfg.obj                  0      344       0      
       Gpt.obj                        124    0         4      
       Mcu.obj                        32     0         0      
       Dio_PBcfg.obj                  0      4         0      
    +--+------------------------------+------+---------+---------+
       Total:                         4136   348       15     
                                                              
    .\Service_Layer\
       Os.obj                         168    0         2      
       Det.obj                        22     0         0      
    +--+------------------------------+------+---------+---------+
       Total:                         190    0         2      
                                                              
    C:\ti\ccs1250\ccs\tools\compiler\ti-cgt-arm_20.2.7.LTS\lib\rtsv7M4_T_le_v4SPD16_eabi.lib
       memcpy_t2.asm.obj              156    0         0      
       copy_decompress_lzss.c.obj     104    0         0      
       autoinit.c.obj                 68     0         0      
       boot_cortex_m.c.obj            52     0         0      
       copy_decompress_none.c.obj     14     0         0      
       exit.c.obj                     4      0         0      
       pre_init.c.obj                 4      0         0      
    +--+------------------------------+------+---------+---------+
       Total:                         402    0         0      
                                                              
       Stack:                         0      0         512    
       Linker Generated:              0      32        0      
    +--+------------------------------+------+---------+---------+
       Grand Total:                   5028   1000      534    


LINKER GENERATED COPY TABLES

__TI_cinit_table @ 00001788 records: 1, size/record: 8, table size: 8
	.data: load addr=00001770, load size=00000010 bytes, run addr=20000200, run size=00000016 bytes, compression=lzss


LINKER GENERATED HANDLER TABLE

__TI_handler_table @ 00001780 records: 2, size/record: 4, table size: 8
	index: 0, handler: __TI_decompress_lzss
	index: 1, handler: __TI_decompress_none


GLOBAL SYMBOLS: SORTED ALPHABETICALLY BY Name 

address   name                          
-------   ----                          
000014c1  App_Task                      
0000133d  Button_GetState               
00001343  Button_RefreshState           
000014b1  Button_Task                   
0000160f  C$$EXIT                       
000015d1  Det_ReportError               
0000176a  Dio_Configuration             
000010cb  Dio_FlipChannel               
00000eed  Dio_Init                      
00000ff1  Dio_ReadChannel               
00000f11  Dio_WriteChannel              
0000149d  Init_Task                     
00001555  Led_RefreshOutput             
00001549  Led_SetOff                    
0000153d  Led_SetOn                     
000014b9  Led_Task                      
0000156d  Led_Toggle                    
000015b1  Mcu_Init                      
00001213  Os_NewTimerTick               
00001223  Os_Scheduler                  
000011f9  Os_start                      
00000b2d  PORT_GetVersionInfo           
00001612  Port_Configuration            
0000026d  Port_Init                     
00000895  Port_RefreshPortDirection     
000006ad  Port_SetPinDirection          
00000b85  Port_SetPinMode               
000015f5  ResetISR                      
000013b9  SysTick_Handler               
00001411  SysTick_SetCallBack           
000013c9  SysTick_Start                 
00001409  SysTick_Stop                  
20000200  __STACK_END                   
00000200  __STACK_SIZE                  
20000200  __STACK_TOP                   
00001788  __TI_CINIT_Base               
00001790  __TI_CINIT_Limit              
00001780  __TI_Handler_Table_Base       
00001788  __TI_Handler_Table_Limit      
000014f9  __TI_auto_init_nobinit_nopinit
00001435  __TI_decompress_lzss          
000015e7  __TI_decompress_none          
ffffffff  __TI_pprof_out_hndl           
ffffffff  __TI_prof_data_size           
ffffffff  __TI_prof_data_start          
00000000  __TI_static_base__            
000012a1  __aeabi_memcpy                
000012a1  __aeabi_memcpy4               
000012a1  __aeabi_memcpy8               
ffffffff  __binit__                     
ffffffff  __c_args__                    
UNDEFED   __mpu_init                    
20000000  __stack                       
20000000  __start___llvm_prf_cnts       
20000000  __stop___llvm_prf_cnts        
0000157d  _c_int00_noargs               
UNDEFED   _system_post_cinit            
0000160b  _system_pre_init              
0000160f  abort                         
ffffffff  binit                         
00000000  g_pfnVectors                  
00001601  main                          
000012a1  memcpy                        


GLOBAL SYMBOLS: SORTED BY Symbol Address 

address   name                          
-------   ----                          
00000000  __TI_static_base__            
00000000  g_pfnVectors                  
00000200  __STACK_SIZE                  
0000026d  Port_Init                     
000006ad  Port_SetPinDirection          
00000895  Port_RefreshPortDirection     
00000b2d  PORT_GetVersionInfo           
00000b85  Port_SetPinMode               
00000eed  Dio_Init                      
00000f11  Dio_WriteChannel              
00000ff1  Dio_ReadChannel               
000010cb  Dio_FlipChannel               
000011f9  Os_start                      
00001213  Os_NewTimerTick               
00001223  Os_Scheduler                  
000012a1  __aeabi_memcpy                
000012a1  __aeabi_memcpy4               
000012a1  __aeabi_memcpy8               
000012a1  memcpy                        
0000133d  Button_GetState               
00001343  Button_RefreshState           
000013b9  SysTick_Handler               
000013c9  SysTick_Start                 
00001409  SysTick_Stop                  
00001411  SysTick_SetCallBack           
00001435  __TI_decompress_lzss          
0000149d  Init_Task                     
000014b1  Button_Task                   
000014b9  Led_Task                      
000014c1  App_Task                      
000014f9  __TI_auto_init_nobinit_nopinit
0000153d  Led_SetOn                     
00001549  Led_SetOff                    
00001555  Led_RefreshOutput             
0000156d  Led_Toggle                    
0000157d  _c_int00_noargs               
000015b1  Mcu_Init                      
000015d1  Det_ReportError               
000015e7  __TI_decompress_none          
000015f5  ResetISR                      
00001601  main                          
0000160b  _system_pre_init              
0000160f  C$$EXIT                       
0000160f  abort                         
00001612  Port_Configuration            
0000176a  Dio_Configuration             
00001780  __TI_Handler_Table_Base       
00001788  __TI_CINIT_Base               
00001788  __TI_Handler_Table_Limit      
00001790  __TI_CINIT_Limit              
20000000  __stack                       
20000000  __start___llvm_prf_cnts       
20000000  __stop___llvm_prf_cnts        
20000200  __STACK_END                   
20000200  __STACK_TOP                   
ffffffff  __TI_pprof_out_hndl           
ffffffff  __TI_prof_data_size           
ffffffff  __TI_prof_data_start          
ffffffff  __binit__                     
ffffffff  __c_args__                    
ffffffff  binit                         
UNDEFED   __mpu_init                    
UNDEFED   _system_post_cinit            

[63 symbols]
